// Jest Snapshot v1, https://goo.gl/fbAQLP

exports[`Validacines en el componente <HeroScreen /> Funcionamiento correcto 1`] = `
<div
  className="row mt-5"
>
  <div
    className="col-4"
  >
    <img
      alt="Hulk"
      className="img-thumbnail animate__animated animate__fadeInLeft"
      src="../assets/heroes/marvel-hulk.jpg"
    />
  </div>
  <div
    className="col-8 animate__animated animate__fadeIn"
  >
    <h3>
       
      Hulk
       
    </h3>
    <ul
      className="list-group list-group-flush"
    >
      <li
        className="list-group-item"
      >
         
        <b>
           Alter ego: 
        </b>
         
        Bruce Banner
         
      </li>
      <li
        className="list-group-item"
      >
         
        <b>
           Publisher: 
        </b>
         
        Marvel Comics
         
      </li>
      <li
        className="list-group-item"
      >
         
        <b>
           First appearance: 
        </b>
         
        The Incredible Hulk #1
         
      </li>
    </ul>
    <h5>
       Characters 
    </h5>
    <p>
       
      Bruce Banner
       
    </p>
    <button
      className="btn btn-outline-info"
      onClick={[Function]}
    >
      Return
    </button>
  </div>
</div>
`;
